// Vitest Snapshot v1, https://vitest.dev/guide/snapshot.html

exports[`ExerciseCard > renders editable set controls and emits rest changes 1`] = `
<div>
  <article
    class="sc-iCoKjR gyblrz"
  >
    <div
      class="sc-pNYLI jDOilK"
      title="Superset 1"
    >
      <span
        class="sc-jrsLQV pShhi"
      >
        1
      </span>
      <span
        class="sc-kEqYZi guwAyy"
      >
        Superset
      </span>
    </div>
    <div
      class="sc-fujBio iwUYCA"
    >
      <div
        class="sc-iqAcFz TTXzI"
      >
        <div
          class="sc-crzogQ ilEDdq"
        >
          <span
            class="sc-dIrNh chiXgb"
          >
            01
          </span>
          <div
            class="sc-bqGEVu gDaGdH"
          >
            <h3
              class="sc-kslsaH ezAxWB"
            >
              Incline Bench Press
            </h3>
            <p
              class="sc-hBMXrk fkhHGN"
            >
              Target: Chest
            </p>
          </div>
        </div>
        <div
          class="sc-fnWaXB eRfZhn"
        >
          <select
            aria-label="Superset group"
            class="sc-fFSRQT dkvNkM"
          >
            <option
              value=""
            >
              No superset
            </option>
            <option
              value="#ff535a"
            >
              Superset 1
            </option>
            <option
              value="#ffb347"
            >
              Superset 2
            </option>
            <option
              value="#55c2ff"
            >
              Superset 3
            </option>
            <option
              value="#9b7bff"
            >
              Superset 4
            </option>
          </select>
          <button
            aria-label="Move exercise up"
            class="sc-bkbknG dpVmvz"
            type="button"
          >
            <svg
              aria-hidden="true"
              class="lucide lucide-arrow-up"
              fill="none"
              height="16"
              stroke="currentColor"
              stroke-linecap="round"
              stroke-linejoin="round"
              stroke-width="2"
              viewBox="0 0 24 24"
              width="16"
              xmlns="http://www.w3.org/2000/svg"
            >
              <path
                d="m5 12 7-7 7 7"
              />
              <path
                d="M12 19V5"
              />
            </svg>
          </button>
          <button
            aria-label="Move exercise down"
            class="sc-bkbknG dpVmvz"
            type="button"
          >
            <svg
              aria-hidden="true"
              class="lucide lucide-arrow-down"
              fill="none"
              height="16"
              stroke="currentColor"
              stroke-linecap="round"
              stroke-linejoin="round"
              stroke-width="2"
              viewBox="0 0 24 24"
              width="16"
              xmlns="http://www.w3.org/2000/svg"
            >
              <path
                d="M12 5v14"
              />
              <path
                d="m19 12-7 7-7-7"
              />
            </svg>
          </button>
          <button
            aria-label="Remove exercise"
            class="sc-bkbknG hcPYsF"
            type="button"
          >
            <svg
              aria-hidden="true"
              class="lucide lucide-trash2 lucide-trash-2"
              fill="none"
              height="16"
              stroke="currentColor"
              stroke-linecap="round"
              stroke-linejoin="round"
              stroke-width="2"
              viewBox="0 0 24 24"
              width="16"
              xmlns="http://www.w3.org/2000/svg"
            >
              <path
                d="M10 11v6"
              />
              <path
                d="M14 11v6"
              />
              <path
                d="M19 6v14a2 2 0 0 1-2 2H7a2 2 0 0 1-2-2V6"
              />
              <path
                d="M3 6h18"
              />
              <path
                d="M8 6V4a2 2 0 0 1 2-2h4a2 2 0 0 1 2 2v2"
              />
            </svg>
          </button>
        </div>
      </div>
      <div
        class="sc-ienaaN raesE"
      >
        <div
          class="sc-dIvsxA pARfO"
        >
          <table
            class="sc-hHEhmb hVvXYd"
          >
            <thead>
              <tr>
                <th
                  class="sc-dlMzIO kiNAAY"
                >
                  Set
                </th>
                <th
                  class="sc-dlMzIO kiNAAY"
                >
                  Weight (kg)
                </th>
                <th
                  class="sc-dlMzIO kiNAAY"
                >
                  Reps
                </th>
                <th
                  class="sc-dlMzIO kiNAAY"
                >
                  Rest
                </th>
                <th
                  class="sc-dlMzIO kiNAAY"
                >
                  RPE
                </th>
                <th
                  aria-hidden="true"
                  class="sc-dlMzIO kiNAAY"
                />
              </tr>
            </thead>
            <tbody>
              <tr
                class="sc-bdnAzI cqAGYA"
              >
                <td
                  class="sc-gtstET dmYezx"
                >
                  <span
                    class="sc-hKFxUR kZSMxr"
                  >
                    1
                  </span>
                </td>
                <td
                  class="sc-gtstET dmYezx"
                >
                  <input
                    aria-label="Set 1 weight"
                    class="sc-jSFhYz ebZxtA"
                    min="0"
                    step="0.5"
                    type="number"
                    value="80"
                  />
                </td>
                <td
                  class="sc-gtstET dmYezx"
                >
                  <input
                    aria-label="Set 1 reps"
                    class="sc-jSFhYz cLMxeN"
                    min="0"
                    step="1"
                    type="number"
                    value="10"
                  />
                </td>
                <td
                  class="sc-gtstET dmYezx"
                >
                  <input
                    aria-label="Set 1 rest seconds"
                    class="sc-jSFhYz cTUzDi"
                    min="0"
                    step="5"
                    type="number"
                    value="90"
                  />
                </td>
                <td
                  class="sc-gtstET dmYezx"
                >
                  <input
                    aria-label="Set 1 RPE"
                    class="sc-jSFhYz cLMxeN"
                    max="10"
                    min="0"
                    step="0.5"
                    type="number"
                    value="8"
                  />
                </td>
                <td
                  class="sc-dlnkDq AQPDS"
                >
                  <button
                    aria-label="Remove set 1"
                    class="sc-gKzYWW ggLFQ"
                    type="button"
                  >
                    <svg
                      aria-hidden="true"
                      class="lucide lucide-x"
                      fill="none"
                      height="14"
                      stroke="currentColor"
                      stroke-linecap="round"
                      stroke-linejoin="round"
                      stroke-width="2"
                      viewBox="0 0 24 24"
                      width="14"
                      xmlns="http://www.w3.org/2000/svg"
                    >
                      <path
                        d="M18 6 6 18"
                      />
                      <path
                        d="m6 6 12 12"
                      />
                    </svg>
                  </button>
                </td>
              </tr>
            </tbody>
          </table>
        </div>
        <div
          class="sc-kfYpvV fhABFq"
        >
          <button
            class="sc-fKgHSI kfygBM"
            type="button"
          >
            <svg
              aria-hidden="true"
              class="lucide lucide-square-plus"
              fill="none"
              height="14"
              stroke="currentColor"
              stroke-linecap="round"
              stroke-linejoin="round"
              stroke-width="2"
              viewBox="0 0 24 24"
              width="14"
              xmlns="http://www.w3.org/2000/svg"
            >
              <rect
                height="18"
                rx="2"
                width="18"
                x="3"
                y="3"
              />
              <path
                d="M8 12h8"
              />
              <path
                d="M12 8v8"
              />
            </svg>
            Add Set
          </button>
          <button
            class="sc-fKgHSI kfygBM"
            disabled=""
            type="button"
          >
            <svg
              aria-hidden="true"
              class="lucide lucide-copy-plus"
              fill="none"
              height="14"
              stroke="currentColor"
              stroke-linecap="round"
              stroke-linejoin="round"
              stroke-width="2"
              viewBox="0 0 24 24"
              width="14"
              xmlns="http://www.w3.org/2000/svg"
            >
              <line
                x1="15"
                x2="15"
                y1="12"
                y2="18"
              />
              <line
                x1="12"
                x2="18"
                y1="15"
                y2="15"
              />
              <rect
                height="14"
                rx="2"
                ry="2"
                width="14"
                x="8"
                y="8"
              />
              <path
                d="M4 16c-1.1 0-2-.9-2-2V4c0-1.1.9-2 2-2h10c1.1 0 2 .9 2 2"
              />
            </svg>
            Add set from last
          </button>
        </div>
      </div>
    </div>
  </article>
</div>
`;
